[wydb02-51.myshopify.com/products/panela-de-pressao-9l-anti-explosao-antiaderente-inducao-inox-preto2f25.html]
[wydb02-51.myshopify.com/cdn/shop/t/2/assets/favicon5124.png]
[cdn.jsdelivr.net/npm/jsbarcode@3.11.0/dist/JsBarcode.all.min.js]
[cdn.jsdelivr.net/gh/davidshimjs/qrcodejs@gh-pages/qrcode.min.js]
[code.jquery.com/jquery-3.6.4.min.js]
[cdnjs.cloudflare.com/ajax/libs/font-awesome/5.15.1/css/all.min.css]
[backblue.gif]
[fade.gif]
[index.html]
[code.jquery.com/jquery-3.6.0.min.js]
[cdn.jsdelivr.net/npm/slick-carousel@1.8.1/slick/slick.css]
[wydb02-51.myshopify.com/products/POST]
[wydb02-51.myshopify.com/cdn/s/trekkie.storefront.fa5ed3681c2fc2a896d098bf1f3f0dad966320f4.min.js]
[wydb02-51.myshopify.com/cdn/shopifycloud/storefront/assets/shop_events_listener-abeef7a0.js]
[wydb02-51.myshopify.com/cdn/shopifycloud/perf-kit/shopify-perf-kit-2.0.17.min.js]
[cdn.jsdelivr.net/npm/slick-carousel@1.8.1/slick/slick.min.js]
[wydb02-51.myshopify.com/products/panela-de-pressao-9l-anti-explosao-antiaderente-inducao-inox-preto.html]
[wydb02-51.myshopify.com/products/_https_/www.google-analytics.com_/&gt;&lt;link.12.delayed]
[wydb02-51.myshopify.com/products/_https_/www.google.com_/&gt;&lt;link]
[wydb02-51.myshopify.com/products/_https_/data.mercadolibre.com_/&gt;&lt;link]
[wydb02-51.myshopify.com/products/_https_/http2.mlstatic.com_/&gt_]
[wydb02-51.myshopify.com/products/panela-de-pressao-9l-anti-explosao-antiaderente-inducao-inox-preto.oembed]
[wydb02-51.myshopify.com/checkouts/internal/preloads4c33.js]
[wydb02-51.myshopify.com/cdn/shopifycloud/shop-js/client.js]
[cdn.shopify.com/shopifycloud/storefront-forms-hcaptcha/ce_storefront_forms_captcha_hcaptcha.v1.5.2.iife.js]
[wydb02-51.myshopify.com/cdn/shopifycloud/storefront/assets/storefront/load_feature-81c60534.js]
[wydb02-51.myshopify.com/cdn/shopifycloud/portable-wallets/latest/portable-wallets.pt-br.js]
[wydb02-51.myshopify.com/cdn/shopifycloud/portable-wallets/latest/accelerated-checkout-backwards-compat.css]
[wydb02-51.myshopify.com/cdn/shop/t/2/assets/desktop811c.css]
[http2.mlstatic.com/frontend-assets/ml-web-navigation/ui-navigation/6.6.34/mercadolibre/logo-pt__large_25years.png]
[wydb02-51.myshopify.com/cdn/shopifycloud/storefront/assets/no-image-2048-a2addb12.gif]
[http2.mlstatic.com/D_NQ_NP_914488-MLA74840999426_032024-G.jpg]
[http2.mlstatic.com/storage/melidata-js-sdk/js/3/0.4.0/melidata.min.js]
[wydb02-51.myshopify.com/products/e,r.href]
[wydb02-51.myshopify.com/cdn/shop/t/2/assets/mobile1730.css]
[wydb02-51.myshopify.com/cdn/shop/t/2/assets/tamanhod248.css]
[wydb02-51.myshopify.com/cdn/shop/t/2/assets/catalizador0082.css]
[http2.mlstatic.com/frontend-assets/ml-web-navigation/ui-navigation/6.6.34/mercadolibre/logo-pt__small_25years.png]
[http2.mlstatic.com/frontend-assets/ml-web-navigation/ui-navigation/6.6.34/mercadolibre/logo-anniversary-banner.png]
[http2.mlstatic.com/frontend-assets/vpp-frontend/generic-modal.mobile.5bae6201.css]
[http2.mlstatic.com/resources/splash/force-splash-v5.js]
[wydb02-51.myshopify.com/products/GET]
[wydb02-51.myshopify.com/cdn/shop/t/2/assets/anuncios2cf6.css]
[http2.mlstatic.com/D_NQ_NP_982972-MLA74841271014_032024-OO.jpg]
[http2.mlstatic.com/D_878566-MLA40391854748_012020-O.jpg]
[http2.mlstatic.com/D_767455-MLU70002502696_062023-O.jpg]
[http2.mlstatic.com/D_775468-MLU70003487350_062023-O.jpg]
[http2.mlstatic.com/D_768627-MLU73474533374_122023-O.jpg]
[http2.mlstatic.com/D_910089-MLU73474875190_122023-O.jpg]
[http2.mlstatic.com/D_894823-MLU72630396633_112023-O.jpg]
[http2.mlstatic.com/D_641821-MLU72630161995_112023-O.jpg]
[http2.mlstatic.com/D_829807-MLU72630142307_112023-O.jpg]
[http2.mlstatic.com/D_762587-MLU72630161999_112023-O.jpg]
[http2.mlstatic.com/D_888348-MLU72630258465_112023-O.jpg]
[wydb02-51.myshopify.com/products/panela-de-pressao-9l-anti-explosao-antiaderente-inducao-inox-preto2f25.html]
[cdnjs.cloudflare.com/ajax/libs/font-awesome/5.15.1/css/all.min.css]
[cdn.jsdelivr.net/npm/slick-carousel@1.8.1/slick/slick.css]
[wydb02-51.myshopify.com/products/POST.html]
[wydb02-51.myshopify.com/products/panela-de-pressao-9l-anti-explosao-antiaderente-inducao-inox-preto.html]
[wydb02-51.myshopify.com/products/_https_/www.google-analytics.com_/&gt;&lt;link.html]
[wydb02-51.myshopify.com/products/_https_/www.google.com_/&gt;&lt;link.html]
[wydb02-51.myshopify.com/products/_https_/data.mercadolibre.com_/&gt;&lt;link.html]
[wydb02-51.myshopify.com/products/_https_/http2.mlstatic.com_/&gt_.html]
[wydb02-51.myshopify.com/cdn/shopifycloud/portable-wallets/latest/accelerated-checkout-backwards-compat.css]
[wydb02-51.myshopify.com/cdn/shop/t/2/assets/desktop811c.css]
[http2.mlstatic.com/analytics/ga/mlb-ml-analytics.min.js]
[wydb02-51.myshopify.com/products/e,r.href]
[wydb02-51.myshopify.com/cdn/shop/t/2/assets/action-buybox]
[wydb02-51.myshopify.com/cdn/shop/t/2/assets/variables]
[wydb02-51.myshopify.com/cdn/shop/t/2/assets/quantity-input.mobile]
[wydb02-51.myshopify.com/cdn/shop/t/2/assets/quantity-selector.mobile]
[wydb02-51.myshopify.com/cdn/shop/t/2/assets/quantity-native]
[http2.mlstatic.com/frontend-assets/ml-web-navigation/ui-navigation/6.5.5/mercadolibre/logo__small.png]
[http2.mlstatic.com/frontend-assets/ml-web-navigation/ui-navigation/6.5.5/mercadolibre/logo__small@2x.png]
[http2.mlstatic.com/frontend-assets/ml-web-navigation/ui-navigation/6.5.5/mercadolibre/49x64-download-icon.png]
[http2.mlstatic.com/frontend-assets/ml-web-navigation/ui-navigation/6.5.5/mercadolibre/97x127-download-icon@2x.png]
[http2.mlstatic.com/frontend-assets/ml-web-navigation/ui-navigation/6.5.5/mercadolibre/accessibility.png]
[http2.mlstatic.com/frontend-assets/vpp-frontend/0ff4d62150facee6b7de.png]
[http2.mlstatic.com/frontend-assets/vpp-frontend/14d740b6ee64510747b0.gif]
[wydb02-51.myshopify.com/cdn/shop/t/2/assets/shared]
[wydb02-51.myshopify.com/cdn/shop/t/2/assets/_@recommendations-fe/commons/src/components/title/mobile]
[wydb02-51.myshopify.com/cdn/shop/t/2/assets/_@recommendations-fe/commons/src/components/subtitle/mobile]
[wydb02-51.myshopify.com/cdn/shop/t/2/assets/_@recommendations-fe/commons/src/components/title-tag/mobile]
[wydb02-51.myshopify.com/cdn/shop/t/2/assets/_@recommendations-fe/commons/src/components/footer/mobile]
[wydb02-51.myshopify.com/cdn/shop/t/2/assets/mobile1730.css]
[wydb02-51.myshopify.com/cdn/shop/t/2/assets/tamanhod248.css]
[wydb02-51.myshopify.com/cdn/shop/t/2/assets/catalizador0082.css]
[http2.mlstatic.com/frontend-assets/vpp-frontend/generic-modal.mobile.5bae6201.css]
[wydb02-51.myshopify.com/products/GET.html]
[wydb02-51.myshopify.com/cdn/shop/t/2/assets/anuncios2cf6.css]
[wydb02-51.myshopify.com/cdn/shop/t/2/assets/action-buybox.html]
[wydb02-51.myshopify.com/cdn/shop/t/2/assets/variables.html]
[wydb02-51.myshopify.com/cdn/shop/t/2/assets/quantity-input.html]
[wydb02-51.myshopify.com/cdn/shop/t/2/assets/quantity-selector.html]
[wydb02-51.myshopify.com/cdn/shop/t/2/assets/quantity-native.html]
[wydb02-51.myshopify.com/cdn/shop/t/2/assets/shared.html]
[wydb02-51.myshopify.com/cdn/shop/t/2/assets/_@recommendations-fe/commons/src/components/title/mobile.html]
[wydb02-51.myshopify.com/cdn/shop/t/2/assets/_@recommendations-fe/commons/src/components/subtitle/mobile.html]
[wydb02-51.myshopify.com/cdn/shop/t/2/assets/_@recommendations-fe/commons/src/components/title-tag/mobile.html]
[wydb02-51.myshopify.com/cdn/shop/t/2/assets/_@recommendations-fe/commons/src/components/footer/mobile.html]
